// Jest Snapshot v1, https://goo.gl/fbAQLP

exports[`test render card component renders correctly 1`] = `ShallowWrapper {}`;
